// Jest Snapshot v1, https://goo.gl/fbAQLP

exports[`AuthorizationContext matches the initial snapshot 1`] = `null`;
