// Jest Snapshot v1, https://goo.gl/fbAQLP

exports[`Header when user is an account admin matches snapshot 1`] = `
<nav
  class="navbar navbar-expand-sm navbar-light bg-light"
>
  <a
    class="navbar-brand"
    href="/"
  >
    Authorization Demo
  </a>
  <button
    aria-controls="navbar-nav"
    aria-label="Toggle navigation"
    class="navbar-toggler"
    type="button"
  >
    <span
      class="navbar-toggler-icon"
    />
  </button>
  <div
    class="navbar-collapse collapse"
    id="navbar-nav"
  >
    <div
      class="mr-auto navbar-nav"
    >
      <a
        class="nav-link"
        href="/"
      >
        All Users
      </a>
    </div>
    <span
      class="navbar-text"
    >
       
    </span>
  </div>
</nav>
`;

exports[`Header when user is not an account admin matches snapshot 1`] = `
<nav
  class="navbar navbar-expand-sm navbar-light bg-light"
>
  <a
    class="navbar-brand"
    href="/"
  >
    Authorization Demo
  </a>
  <button
    aria-controls="navbar-nav"
    aria-label="Toggle navigation"
    class="navbar-toggler"
    type="button"
  >
    <span
      class="navbar-toggler-icon"
    />
  </button>
  <div
    class="navbar-collapse collapse"
    id="navbar-nav"
  >
    <div
      class="mr-auto navbar-nav"
    >
      <a
        class="nav-link"
        href="/"
      >
        All Users
      </a>
    </div>
    <span
      class="navbar-text"
    >
       
    </span>
  </div>
</nav>
`;
